  Determining projects to restore...
  All projects are up-to-date for restore.
/home/ubuntu/CopagoAutomation/CopagoAutomation/ViewModels/MainViewModel.cs(136,7): error CS1503: Argument 6: cannot convert from 'CopagoAutomation.Automation.WindowAutomation.BoundWindowInfo' to 'CopagoAutomation.Automation.BoundWindowInfo?' [/home/ubuntu/CopagoAutomation/CopagoAutomation/CopagoAutomation_ngaima0p_wpftmp.csproj]
/home/ubuntu/CopagoAutomation/CopagoAutomation/UI/MainWindow.xaml.cs(137,13): error CS0103: The name 'ApplyModesToUi' does not exist in the current context [/home/ubuntu/CopagoAutomation/CopagoAutomation/CopagoAutomation_ngaima0p_wpftmp.csproj]
/home/ubuntu/CopagoAutomation/CopagoAutomation/UI/MainWindow.xaml.cs(138,13): error CS0103: The name 'ApplyStorageSettingsToUi' does not exist in the current context [/home/ubuntu/CopagoAutomation/CopagoAutomation/CopagoAutomation_ngaima0p_wpftmp.csproj]
/home/ubuntu/CopagoAutomation/CopagoAutomation/Automation/XAutomation.cs(80,36): error CS1061: 'WindowAutomation' does not contain a definition for 'TryBindWindowByTitleContains' and no accessible extension method 'TryBindWindowByTitleContains' accepting a first argument of type 'WindowAutomation' could be found (are you missing a using directive or an assembly reference?) [/home/ubuntu/CopagoAutomation/CopagoAutomation/CopagoAutomation_ngaima0p_wpftmp.csproj]
/home/ubuntu/CopagoAutomation/CopagoAutomation/Automation/XAutomation.cs(86,36): error CS1061: 'WindowAutomation' does not contain a definition for 'TryActivateBoundWindow' and no accessible extension method 'TryActivateBoundWindow' accepting a first argument of type 'WindowAutomation' could be found (are you missing a using directive or an assembly reference?) [/home/ubuntu/CopagoAutomation/CopagoAutomation/CopagoAutomation_ngaima0p_wpftmp.csproj]
/home/ubuntu/CopagoAutomation/CopagoAutomation/Automation/XAutomation.cs(233,36): error CS1061: 'WindowAutomation' does not contain a definition for 'IsWindowValid' and no accessible extension method 'IsWindowValid' accepting a first argument of type 'WindowAutomation' could be found (are you missing a using directive or an assembly reference?) [/home/ubuntu/CopagoAutomation/CopagoAutomation/CopagoAutomation_ngaima0p_wpftmp.csproj]
/home/ubuntu/CopagoAutomation/CopagoAutomation/Automation/XAutomation.cs(240,35): error CS1061: 'WindowAutomation' does not contain a definition for 'IsBoundWindowActive' and no accessible extension method 'IsBoundWindowActive' accepting a first argument of type 'WindowAutomation' could be found (are you missing a using directive or an assembly reference?) [/home/ubuntu/CopagoAutomation/CopagoAutomation/CopagoAutomation_ngaima0p_wpftmp.csproj]
/home/ubuntu/CopagoAutomation/CopagoAutomation/Automation/XAutomation.cs(249,52): error CS1061: 'WindowAutomation' does not contain a definition for 'TryActivateBoundWindow' and no accessible extension method 'TryActivateBoundWindow' accepting a first argument of type 'WindowAutomation' could be found (are you missing a using directive or an assembly reference?) [/home/ubuntu/CopagoAutomation/CopagoAutomation/CopagoAutomation_ngaima0p_wpftmp.csproj]
/home/ubuntu/CopagoAutomation/CopagoAutomation/Automation/XAutomation.cs(252,40): error CS1061: 'WindowAutomation' does not contain a definition for 'IsWindowValid' and no accessible extension method 'IsWindowValid' accepting a first argument of type 'WindowAutomation' could be found (are you missing a using directive or an assembly reference?) [/home/ubuntu/CopagoAutomation/CopagoAutomation/CopagoAutomation_ngaima0p_wpftmp.csproj]
/home/ubuntu/CopagoAutomation/CopagoAutomation/Automation/XAutomation.cs(258,39): error CS1061: 'WindowAutomation' does not contain a definition for 'IsBoundWindowActive' and no accessible extension method 'IsBoundWindowActive' accepting a first argument of type 'WindowAutomation' could be found (are you missing a using directive or an assembly reference?) [/home/ubuntu/CopagoAutomation/CopagoAutomation/CopagoAutomation_ngaima0p_wpftmp.csproj]
/home/ubuntu/CopagoAutomation/CopagoAutomation/Calibration/CalibrationService.cs(90,121): error CS1061: 'WindowAutomation' does not contain a definition for 'TryGetClientRect' and no accessible extension method 'TryGetClientRect' accepting a first argument of type 'WindowAutomation' could be found (are you missing a using directive or an assembly reference?) [/home/ubuntu/CopagoAutomation/CopagoAutomation/CopagoAutomation_ngaima0p_wpftmp.csproj]
/home/ubuntu/CopagoAutomation/CopagoAutomation/Calibration/CalibrationService.cs(95,13): warning CS8602: Dereference of a possibly null reference. [/home/ubuntu/CopagoAutomation/CopagoAutomation/CopagoAutomation_ngaima0p_wpftmp.csproj]
/home/ubuntu/CopagoAutomation/CopagoAutomation/Calibration/CalibrationService.cs(122,133): error CS0136: A local or parameter named 'clientRect' cannot be declared in this scope because that name is used in an enclosing local scope to define a local or parameter [/home/ubuntu/CopagoAutomation/CopagoAutomation/CopagoAutomation_ngaima0p_wpftmp.csproj]
/home/ubuntu/CopagoAutomation/CopagoAutomation/Calibration/CalibrationService.cs(122,82): error CS1061: 'WindowAutomation' does not contain a definition for 'TryGetClientRect' and no accessible extension method 'TryGetClientRect' accepting a first argument of type 'WindowAutomation' could be found (are you missing a using directive or an assembly reference?) [/home/ubuntu/CopagoAutomation/CopagoAutomation/CopagoAutomation_ngaima0p_wpftmp.csproj]
/home/ubuntu/CopagoAutomation/CopagoAutomation/Calibration/CalibrationService.cs(142,81): error CS1061: 'WindowAutomation' does not contain a definition for 'TryGetClientRect' and no accessible extension method 'TryGetClientRect' accepting a first argument of type 'WindowAutomation' could be found (are you missing a using directive or an assembly reference?) [/home/ubuntu/CopagoAutomation/CopagoAutomation/CopagoAutomation_ngaima0p_wpftmp.csproj]
/home/ubuntu/CopagoAutomation/CopagoAutomation/UI/MainWindow.xaml.cs(306,54): error CS1061: 'CalibrationRunner' does not contain a definition for 'SetCurrentCalibrationPoint' and no accessible extension method 'SetCurrentCalibrationPoint' accepting a first argument of type 'CalibrationRunner' could be found (are you missing a using directive or an assembly reference?) [/home/ubuntu/CopagoAutomation/CopagoAutomation/CopagoAutomation_ngaima0p_wpftmp.csproj]
/home/ubuntu/CopagoAutomation/CopagoAutomation/UI/MainWindow.xaml.cs(311,50): error CS1061: 'CalibrationRunner' does not contain a definition for 'TriggerAutomation' and no accessible extension method 'TriggerAutomation' accepting a first argument of type 'CalibrationRunner' could be found (are you missing a using directive or an assembly reference?) [/home/ubuntu/CopagoAutomation/CopagoAutomation/CopagoAutomation_ngaima0p_wpftmp.csproj]
/home/ubuntu/CopagoAutomation/CopagoAutomation/UI/MainWindow.xaml.cs(319,44): error CS7036: There is no argument given that corresponds to the required parameter 'owner' of 'CalibrationPromptWindow.CalibrationPromptWindow(Window, MainViewModel)' [/home/ubuntu/CopagoAutomation/CopagoAutomation/CopagoAutomation_ngaima0p_wpftmp.csproj]
/home/ubuntu/CopagoAutomation/CopagoAutomation/UI/MainWindow.xaml.cs(323,46): error CS1061: 'CalibrationRunner' does not contain a definition for 'StartCalibration' and no accessible extension method 'StartCalibration' accepting a first argument of type 'CalibrationRunner' could be found (are you missing a using directive or an assembly reference?) [/home/ubuntu/CopagoAutomation/CopagoAutomation/CopagoAutomation_ngaima0p_wpftmp.csproj]
/home/ubuntu/CopagoAutomation/CopagoAutomation/UI/MainWindow.xaml.cs(323,13): warning CS8602: Dereference of a possibly null reference. [/home/ubuntu/CopagoAutomation/CopagoAutomation/CopagoAutomation_ngaima0p_wpftmp.csproj]
/home/ubuntu/CopagoAutomation/CopagoAutomation/UI/MainWindow.xaml.cs(331,27): error CS1061: 'AppSettings' does not contain a definition for 'AbcMachineMode' and no accessible extension method 'AbcMachineMode' accepting a first argument of type 'AppSettings' could be found (are you missing a using directive or an assembly reference?) [/home/ubuntu/CopagoAutomation/CopagoAutomation/CopagoAutomation_ngaima0p_wpftmp.csproj]
/home/ubuntu/CopagoAutomation/CopagoAutomation/UI/MainWindow.xaml.cs(333,27): error CS1061: 'AppSettings' does not contain a definition for 'AbcMachineMode' and no accessible extension method 'AbcMachineMode' accepting a first argument of type 'AppSettings' could be found (are you missing a using directive or an assembly reference?) [/home/ubuntu/CopagoAutomation/CopagoAutomation/CopagoAutomation_ngaima0p_wpftmp.csproj]
/home/ubuntu/CopagoAutomation/CopagoAutomation/UI/MainWindow.xaml.cs(335,13): warning CS4014: Because this call is not awaited, execution of the current method continues before the call is completed. Consider applying the 'await' operator to the result of the call. [/home/ubuntu/CopagoAutomation/CopagoAutomation/CopagoAutomation_ngaima0p_wpftmp.csproj]
/home/ubuntu/CopagoAutomation/CopagoAutomation/UI/MainWindow.xaml.cs(343,27): error CS1061: 'AppSettings' does not contain a definition for 'XMachineMode' and no accessible extension method 'XMachineMode' accepting a first argument of type 'AppSettings' could be found (are you missing a using directive or an assembly reference?) [/home/ubuntu/CopagoAutomation/CopagoAutomation/CopagoAutomation_ngaima0p_wpftmp.csproj]
/home/ubuntu/CopagoAutomation/CopagoAutomation/UI/MainWindow.xaml.cs(345,27): error CS1061: 'AppSettings' does not contain a definition for 'XMachineMode' and no accessible extension method 'XMachineMode' accepting a first argument of type 'AppSettings' could be found (are you missing a using directive or an assembly reference?) [/home/ubuntu/CopagoAutomation/CopagoAutomation/CopagoAutomation_ngaima0p_wpftmp.csproj]
/home/ubuntu/CopagoAutomation/CopagoAutomation/UI/MainWindow.xaml.cs(347,13): warning CS4014: Because this call is not awaited, execution of the current method continues before the call is completed. Consider applying the 'await' operator to the result of the call. [/home/ubuntu/CopagoAutomation/CopagoAutomation/CopagoAutomation_ngaima0p_wpftmp.csproj]
/home/ubuntu/CopagoAutomation/CopagoAutomation/Services/AutomationService.cs(27,34): error CS1729: 'AbcAutomation' does not contain a constructor that takes 1 arguments [/home/ubuntu/CopagoAutomation/CopagoAutomation/CopagoAutomation_ngaima0p_wpftmp.csproj]
/home/ubuntu/CopagoAutomation/CopagoAutomation/UI/MainWindow.xaml.cs(360,13): warning CS4014: Because this call is not awaited, execution of the current method continues before the call is completed. Consider applying the 'await' operator to the result of the call. [/home/ubuntu/CopagoAutomation/CopagoAutomation/CopagoAutomation_ngaima0p_wpftmp.csproj]
/home/ubuntu/CopagoAutomation/CopagoAutomation/Services/AutomationService.cs(46,35): error CS7036: There is no argument given that corresponds to the required parameter 'calibrationProfileName' of 'AbcAutomation.Run(AbcStartRequest, string, string)' [/home/ubuntu/CopagoAutomation/CopagoAutomation/CopagoAutomation_ngaima0p_wpftmp.csproj]
/home/ubuntu/CopagoAutomation/CopagoAutomation/UI/MainWindow.xaml.cs(365,65): error CS0103: The name 'AbcBrowseButton' does not exist in the current context [/home/ubuntu/CopagoAutomation/CopagoAutomation/CopagoAutomation_ngaima0p_wpftmp.csproj]
/home/ubuntu/CopagoAutomation/CopagoAutomation/UI/MainWindow.xaml.cs(370,13): error CS0103: The name 'AbcBrowseButton' does not exist in the current context [/home/ubuntu/CopagoAutomation/CopagoAutomation/CopagoAutomation_ngaima0p_wpftmp.csproj]
/home/ubuntu/CopagoAutomation/CopagoAutomation/UI/MainWindow.xaml.cs(392,13): warning CS4014: Because this call is not awaited, execution of the current method continues before the call is completed. Consider applying the 'await' operator to the result of the call. [/home/ubuntu/CopagoAutomation/CopagoAutomation/CopagoAutomation_ngaima0p_wpftmp.csproj]
/home/ubuntu/CopagoAutomation/CopagoAutomation/UI/MainWindow.xaml.cs(397,63): error CS0103: The name 'XBrowseButton' does not exist in the current context [/home/ubuntu/CopagoAutomation/CopagoAutomation/CopagoAutomation_ngaima0p_wpftmp.csproj]
/home/ubuntu/CopagoAutomation/CopagoAutomation/UI/MainWindow.xaml.cs(402,13): error CS0103: The name 'XBrowseButton' does not exist in the current context [/home/ubuntu/CopagoAutomation/CopagoAutomation/CopagoAutomation_ngaima0p_wpftmp.csproj]
/home/ubuntu/CopagoAutomation/CopagoAutomation/UI/MainWindow.xaml.cs(419,13): warning CS4014: Because this call is not awaited, execution of the current method continues before the call is completed. Consider applying the 'await' operator to the result of the call. [/home/ubuntu/CopagoAutomation/CopagoAutomation/CopagoAutomation_ngaima0p_wpftmp.csproj]
/home/ubuntu/CopagoAutomation/CopagoAutomation/UI/MainWindow.xaml.cs(427,13): warning CS4014: Because this call is not awaited, execution of the current method continues before the call is completed. Consider applying the 'await' operator to the result of the call. [/home/ubuntu/CopagoAutomation/CopagoAutomation/CopagoAutomation_ngaima0p_wpftmp.csproj]
/home/ubuntu/CopagoAutomation/CopagoAutomation/UI/MainWindow.xaml.cs(439,21): warning CS4014: Because this call is not awaited, execution of the current method continues before the call is completed. Consider applying the 'await' operator to the result of the call. [/home/ubuntu/CopagoAutomation/CopagoAutomation/CopagoAutomation_ngaima0p_wpftmp.csproj]
/home/ubuntu/CopagoAutomation/CopagoAutomation/UI/MainWindow.xaml.cs(453,21): warning CS4014: Because this call is not awaited, execution of the current method continues before the call is completed. Consider applying the 'await' operator to the result of the call. [/home/ubuntu/CopagoAutomation/CopagoAutomation/CopagoAutomation_ngaima0p_wpftmp.csproj]
/home/ubuntu/CopagoAutomation/CopagoAutomation/UI/MainWindow.xaml.cs(462,23): error CS1061: 'AppSettings' does not contain a definition for 'AbcPos' and no accessible extension method 'AbcPos' accepting a first argument of type 'AppSettings' could be found (are you missing a using directive or an assembly reference?) [/home/ubuntu/CopagoAutomation/CopagoAutomation/CopagoAutomation_ngaima0p_wpftmp.csproj]
/home/ubuntu/CopagoAutomation/CopagoAutomation/UI/MainWindow.xaml.cs(463,13): warning CS4014: Because this call is not awaited, execution of the current method continues before the call is completed. Consider applying the 'await' operator to the result of the call. [/home/ubuntu/CopagoAutomation/CopagoAutomation/CopagoAutomation_ngaima0p_wpftmp.csproj]
/home/ubuntu/CopagoAutomation/CopagoAutomation/UI/MainWindow.xaml.cs(470,23): error CS1061: 'AppSettings' does not contain a definition for 'XPos' and no accessible extension method 'XPos' accepting a first argument of type 'AppSettings' could be found (are you missing a using directive or an assembly reference?) [/home/ubuntu/CopagoAutomation/CopagoAutomation/CopagoAutomation_ngaima0p_wpftmp.csproj]
/home/ubuntu/CopagoAutomation/CopagoAutomation/UI/MainWindow.xaml.cs(471,13): warning CS4014: Because this call is not awaited, execution of the current method continues before the call is completed. Consider applying the 'await' operator to the result of the call. [/home/ubuntu/CopagoAutomation/CopagoAutomation/CopagoAutomation_ngaima0p_wpftmp.csproj]
/home/ubuntu/CopagoAutomation/CopagoAutomation/UI/MainWindow.xaml.cs(477,32): error CS7036: There is no argument given that corresponds to the required parameter 'request' of 'AutomationService.StartAbcAutomation(AbcStartRequest)' [/home/ubuntu/CopagoAutomation/CopagoAutomation/CopagoAutomation_ngaima0p_wpftmp.csproj]
/home/ubuntu/CopagoAutomation/CopagoAutomation/UI/MainWindow.xaml.cs(483,32): error CS7036: There is no argument given that corresponds to the required parameter 'request' of 'AutomationService.StartXAutomation(XStartRequest)' [/home/ubuntu/CopagoAutomation/CopagoAutomation/CopagoAutomation_ngaima0p_wpftmp.csproj]
/home/ubuntu/CopagoAutomation/CopagoAutomation/Automation/MouseAutomation.cs(42,31): error CS1061: 'WindowAutomation' does not contain a definition for 'RightClick' and no accessible extension method 'RightClick' accepting a first argument of type 'WindowAutomation' could be found (are you missing a using directive or an assembly reference?) [/home/ubuntu/CopagoAutomation/CopagoAutomation/CopagoAutomation_ngaima0p_wpftmp.csproj]
/home/ubuntu/CopagoAutomation/CopagoAutomation/Automation/MouseAutomation.cs(100,53): error CS1061: 'WindowAutomation.BoundWindowInfo' does not contain a definition for 'ClientRect' and no accessible extension method 'ClientRect' accepting a first argument of type 'WindowAutomation.BoundWindowInfo' could be found (are you missing a using directive or an assembly reference?) [/home/ubuntu/CopagoAutomation/CopagoAutomation/CopagoAutomation_ngaima0p_wpftmp.csproj]
/home/ubuntu/CopagoAutomation/CopagoAutomation/Automation/MouseAutomation.cs(111,58): error CS1061: 'WindowAutomation.BoundWindowInfo' does not contain a definition for 'ClientRect' and no accessible extension method 'ClientRect' accepting a first argument of type 'WindowAutomation.BoundWindowInfo' could be found (are you missing a using directive or an assembly reference?) [/home/ubuntu/CopagoAutomation/CopagoAutomation/CopagoAutomation_ngaima0p_wpftmp.csproj]
/home/ubuntu/CopagoAutomation/CopagoAutomation/UI/MainWindow.xaml(129,108): error CS1061: 'MainWindow' does not contain a definition for 'AbcResetPos_Click' and no accessible extension method 'AbcResetPos_Click' accepting a first argument of type 'MainWindow' could be found (are you missing a using directive or an assembly reference?) [/home/ubuntu/CopagoAutomation/CopagoAutomation/CopagoAutomation_ngaima0p_wpftmp.csproj]
/home/ubuntu/CopagoAutomation/CopagoAutomation/UI/MainWindow.xaml(151,89): error CS1061: 'MainWindow' does not contain a definition for 'AbcSaveModeChanged' and no accessible extension method 'AbcSaveModeChanged' accepting a first argument of type 'MainWindow' could be found (are you missing a using directive or an assembly reference?) [/home/ubuntu/CopagoAutomation/CopagoAutomation/CopagoAutomation_ngaima0p_wpftmp.csproj]
/home/ubuntu/CopagoAutomation/CopagoAutomation/UI/MainWindow.xaml(155,87): error CS1061: 'MainWindow' does not contain a definition for 'AbcSaveModeChanged' and no accessible extension method 'AbcSaveModeChanged' accepting a first argument of type 'MainWindow' could be found (are you missing a using directive or an assembly reference?) [/home/ubuntu/CopagoAutomation/CopagoAutomation/CopagoAutomation_ngaima0p_wpftmp.csproj]
/home/ubuntu/CopagoAutomation/CopagoAutomation/UI/MainWindow.xaml(169,108): error CS1061: 'MainWindow' does not contain a definition for 'AbcBrowseSammelordner_Click' and no accessible extension method 'AbcBrowseSammelordner_Click' accepting a first argument of type 'MainWindow' could be found (are you missing a using directive or an assembly reference?) [/home/ubuntu/CopagoAutomation/CopagoAutomation/CopagoAutomation_ngaima0p_wpftmp.csproj]
/home/ubuntu/CopagoAutomation/CopagoAutomation/UI/MainWindow.xaml(185,108): error CS1061: 'MainWindow' does not contain a definition for 'AbcCalibration_Click' and no accessible extension method 'AbcCalibration_Click' accepting a first argument of type 'MainWindow' could be found (are you missing a using directive or an assembly reference?) [/home/ubuntu/CopagoAutomation/CopagoAutomation/CopagoAutomation_ngaima0p_wpftmp.csproj]
/home/ubuntu/CopagoAutomation/CopagoAutomation/UI/MainWindow.xaml(190,108): error CS1061: 'MainWindow' does not contain a definition for 'AbcCapturePoint_Click' and no accessible extension method 'AbcCapturePoint_Click' accepting a first argument of type 'MainWindow' could be found (are you missing a using directive or an assembly reference?) [/home/ubuntu/CopagoAutomation/CopagoAutomation/CopagoAutomation_ngaima0p_wpftmp.csproj]
/home/ubuntu/CopagoAutomation/CopagoAutomation/UI/MainWindow.xaml(195,108): error CS1061: 'MainWindow' does not contain a definition for 'AbcStart_Click' and no accessible extension method 'AbcStart_Click' accepting a first argument of type 'MainWindow' could be found (are you missing a using directive or an assembly reference?) [/home/ubuntu/CopagoAutomation/CopagoAutomation/CopagoAutomation_ngaima0p_wpftmp.csproj]
/home/ubuntu/CopagoAutomation/CopagoAutomation/UI/MainWindow.xaml(199,108): error CS1061: 'MainWindow' does not contain a definition for 'AbcStop_Click' and no accessible extension method 'AbcStop_Click' accepting a first argument of type 'MainWindow' could be found (are you missing a using directive or an assembly reference?) [/home/ubuntu/CopagoAutomation/CopagoAutomation/CopagoAutomation_ngaima0p_wpftmp.csproj]
/home/ubuntu/CopagoAutomation/CopagoAutomation/UI/MainWindow.xaml(327,108): error CS1061: 'MainWindow' does not contain a definition for 'XResetPos_Click' and no accessible extension method 'XResetPos_Click' accepting a first argument of type 'MainWindow' could be found (are you missing a using directive or an assembly reference?) [/home/ubuntu/CopagoAutomation/CopagoAutomation/CopagoAutomation_ngaima0p_wpftmp.csproj]
/home/ubuntu/CopagoAutomation/CopagoAutomation/UI/MainWindow.xaml(349,87): error CS1061: 'MainWindow' does not contain a definition for 'XSaveModeChanged' and no accessible extension method 'XSaveModeChanged' accepting a first argument of type 'MainWindow' could be found (are you missing a using directive or an assembly reference?) [/home/ubuntu/CopagoAutomation/CopagoAutomation/CopagoAutomation_ngaima0p_wpftmp.csproj]
/home/ubuntu/CopagoAutomation/CopagoAutomation/UI/MainWindow.xaml(353,85): error CS1061: 'MainWindow' does not contain a definition for 'XSaveModeChanged' and no accessible extension method 'XSaveModeChanged' accepting a first argument of type 'MainWindow' could be found (are you missing a using directive or an assembly reference?) [/home/ubuntu/CopagoAutomation/CopagoAutomation/CopagoAutomation_ngaima0p_wpftmp.csproj]
/home/ubuntu/CopagoAutomation/CopagoAutomation/UI/MainWindow.xaml(367,108): error CS1061: 'MainWindow' does not contain a definition for 'XBrowseSammelordner_Click' and no accessible extension method 'XBrowseSammelordner_Click' accepting a first argument of type 'MainWindow' could be found (are you missing a using directive or an assembly reference?) [/home/ubuntu/CopagoAutomation/CopagoAutomation/CopagoAutomation_ngaima0p_wpftmp.csproj]
/home/ubuntu/CopagoAutomation/CopagoAutomation/UI/MainWindow.xaml(383,108): error CS1061: 'MainWindow' does not contain a definition for 'XCalibration_Click' and no accessible extension method 'XCalibration_Click' accepting a first argument of type 'MainWindow' could be found (are you missing a using directive or an assembly reference?) [/home/ubuntu/CopagoAutomation/CopagoAutomation/CopagoAutomation_ngaima0p_wpftmp.csproj]
/home/ubuntu/CopagoAutomation/CopagoAutomation/UI/MainWindow.xaml(388,108): error CS1061: 'MainWindow' does not contain a definition for 'XCapturePoint_Click' and no accessible extension method 'XCapturePoint_Click' accepting a first argument of type 'MainWindow' could be found (are you missing a using directive or an assembly reference?) [/home/ubuntu/CopagoAutomation/CopagoAutomation/CopagoAutomation_ngaima0p_wpftmp.csproj]
/home/ubuntu/CopagoAutomation/CopagoAutomation/UI/MainWindow.xaml(393,108): error CS1061: 'MainWindow' does not contain a definition for 'XStart_Click' and no accessible extension method 'XStart_Click' accepting a first argument of type 'MainWindow' could be found (are you missing a using directive or an assembly reference?) [/home/ubuntu/CopagoAutomation/CopagoAutomation/CopagoAutomation_ngaima0p_wpftmp.csproj]
/home/ubuntu/CopagoAutomation/CopagoAutomation/UI/MainWindow.xaml(397,108): error CS1061: 'MainWindow' does not contain a definition for 'XStop_Click' and no accessible extension method 'XStop_Click' accepting a first argument of type 'MainWindow' could be found (are you missing a using directive or an assembly reference?) [/home/ubuntu/CopagoAutomation/CopagoAutomation/CopagoAutomation_ngaima0p_wpftmp.csproj]
/home/ubuntu/CopagoAutomation/CopagoAutomation/Automation/MouseAutomation.cs(127,59): error CS1061: 'WindowAutomation.BoundWindowInfo' does not contain a definition for 'ClientRect' and no accessible extension method 'ClientRect' accepting a first argument of type 'WindowAutomation.BoundWindowInfo' could be found (are you missing a using directive or an assembly reference?) [/home/ubuntu/CopagoAutomation/CopagoAutomation/CopagoAutomation_ngaima0p_wpftmp.csproj]
/home/ubuntu/CopagoAutomation/CopagoAutomation/Automation/MouseAutomation.cs(140,36): error CS1061: 'WindowAutomation' does not contain a definition for 'ActiveWindowTitleContains' and no accessible extension method 'ActiveWindowTitleContains' accepting a first argument of type 'WindowAutomation' could be found (are you missing a using directive or an assembly reference?) [/home/ubuntu/CopagoAutomation/CopagoAutomation/CopagoAutomation_ngaima0p_wpftmp.csproj]
/home/ubuntu/CopagoAutomation/CopagoAutomation/Automation/AbcAutomation.cs(63,36): error CS1061: 'WindowAutomation' does not contain a definition for 'TryBindWindowByTitleContains' and no accessible extension method 'TryBindWindowByTitleContains' accepting a first argument of type 'WindowAutomation' could be found (are you missing a using directive or an assembly reference?) [/home/ubuntu/CopagoAutomation/CopagoAutomation/CopagoAutomation_ngaima0p_wpftmp.csproj]
/home/ubuntu/CopagoAutomation/CopagoAutomation/Automation/AbcAutomation.cs(69,36): error CS1061: 'WindowAutomation' does not contain a definition for 'TryActivateBoundWindow' and no accessible extension method 'TryActivateBoundWindow' accepting a first argument of type 'WindowAutomation' could be found (are you missing a using directive or an assembly reference?) [/home/ubuntu/CopagoAutomation/CopagoAutomation/CopagoAutomation_ngaima0p_wpftmp.csproj]
/home/ubuntu/CopagoAutomation/CopagoAutomation/Automation/MouseAutomation.cs(158,36): error CS1061: 'WindowAutomation' does not contain a definition for 'TryBindWindowByTitleContains' and no accessible extension method 'TryBindWindowByTitleContains' accepting a first argument of type 'WindowAutomation' could be found (are you missing a using directive or an assembly reference?) [/home/ubuntu/CopagoAutomation/CopagoAutomation/CopagoAutomation_ngaima0p_wpftmp.csproj]
/home/ubuntu/CopagoAutomation/CopagoAutomation/Automation/MouseAutomation.cs(161,36): error CS1061: 'WindowAutomation' does not contain a definition for 'TryActivateBoundWindow' and no accessible extension method 'TryActivateBoundWindow' accepting a first argument of type 'WindowAutomation' could be found (are you missing a using directive or an assembly reference?) [/home/ubuntu/CopagoAutomation/CopagoAutomation/CopagoAutomation_ngaima0p_wpftmp.csproj]
/home/ubuntu/CopagoAutomation/CopagoAutomation/Automation/MouseAutomation.cs(181,36): error CS1061: 'WindowAutomation' does not contain a definition for 'TryBindWindowByTitleContains' and no accessible extension method 'TryBindWindowByTitleContains' accepting a first argument of type 'WindowAutomation' could be found (are you missing a using directive or an assembly reference?) [/home/ubuntu/CopagoAutomation/CopagoAutomation/CopagoAutomation_ngaima0p_wpftmp.csproj]
/home/ubuntu/CopagoAutomation/CopagoAutomation/Automation/MouseAutomation.cs(184,36): error CS1061: 'WindowAutomation' does not contain a definition for 'TryActivateBoundWindow' and no accessible extension method 'TryActivateBoundWindow' accepting a first argument of type 'WindowAutomation' could be found (are you missing a using directive or an assembly reference?) [/home/ubuntu/CopagoAutomation/CopagoAutomation/CopagoAutomation_ngaima0p_wpftmp.csproj]
/home/ubuntu/CopagoAutomation/CopagoAutomation/Automation/AbcAutomation.cs(208,36): error CS1061: 'WindowAutomation' does not contain a definition for 'IsValidHandle' and no accessible extension method 'IsValidHandle' accepting a first argument of type 'WindowAutomation' could be found (are you missing a using directive or an assembly reference?) [/home/ubuntu/CopagoAutomation/CopagoAutomation/CopagoAutomation_ngaima0p_wpftmp.csproj]
/home/ubuntu/CopagoAutomation/CopagoAutomation/Automation/AbcAutomation.cs(215,35): error CS1061: 'WindowAutomation' does not contain a definition for 'IsBoundWindowActive' and no accessible extension method 'IsBoundWindowActive' accepting a first argument of type 'WindowAutomation' could be found (are you missing a using directive or an assembly reference?) [/home/ubuntu/CopagoAutomation/CopagoAutomation/CopagoAutomation_ngaima0p_wpftmp.csproj]
/home/ubuntu/CopagoAutomation/CopagoAutomation/Automation/AbcAutomation.cs(224,52): error CS1061: 'WindowAutomation' does not contain a definition for 'TryActivateBoundWindow' and no accessible extension method 'TryActivateBoundWindow' accepting a first argument of type 'WindowAutomation' could be found (are you missing a using directive or an assembly reference?) [/home/ubuntu/CopagoAutomation/CopagoAutomation/CopagoAutomation_ngaima0p_wpftmp.csproj]
/home/ubuntu/CopagoAutomation/CopagoAutomation/Automation/AbcAutomation.cs(227,40): error CS1061: 'WindowAutomation' does not contain a definition for 'IsValidHandle' and no accessible extension method 'IsValidHandle' accepting a first argument of type 'WindowAutomation' could be found (are you missing a using directive or an assembly reference?) [/home/ubuntu/CopagoAutomation/CopagoAutomation/CopagoAutomation_ngaima0p_wpftmp.csproj]
/home/ubuntu/CopagoAutomation/CopagoAutomation/Automation/AbcAutomation.cs(233,39): error CS1061: 'WindowAutomation' does not contain a definition for 'IsBoundWindowActive' and no accessible extension method 'IsBoundWindowActive' accepting a first argument of type 'WindowAutomation' could be found (are you missing a using directive or an assembly reference?) [/home/ubuntu/CopagoAutomation/CopagoAutomation/CopagoAutomation_ngaima0p_wpftmp.csproj]
/home/ubuntu/CopagoAutomation/CopagoAutomation/Automation/MouseAutomation.cs(206,36): error CS1061: 'WindowAutomation' does not contain a definition for 'TryBindWindowByTitleContains' and no accessible extension method 'TryBindWindowByTitleContains' accepting a first argument of type 'WindowAutomation' could be found (are you missing a using directive or an assembly reference?) [/home/ubuntu/CopagoAutomation/CopagoAutomation/CopagoAutomation_ngaima0p_wpftmp.csproj]
/home/ubuntu/CopagoAutomation/CopagoAutomation/Automation/MouseAutomation.cs(209,36): error CS1061: 'WindowAutomation' does not contain a definition for 'TryActivateBoundWindow' and no accessible extension method 'TryActivateBoundWindow' accepting a first argument of type 'WindowAutomation' could be found (are you missing a using directive or an assembly reference?) [/home/ubuntu/CopagoAutomation/CopagoAutomation/CopagoAutomation_ngaima0p_wpftmp.csproj]

Build FAILED.

/home/ubuntu/CopagoAutomation/CopagoAutomation/Calibration/CalibrationService.cs(95,13): warning CS8602: Dereference of a possibly null reference. [/home/ubuntu/CopagoAutomation/CopagoAutomation/CopagoAutomation_ngaima0p_wpftmp.csproj]
/home/ubuntu/CopagoAutomation/CopagoAutomation/UI/MainWindow.xaml.cs(323,13): warning CS8602: Dereference of a possibly null reference. [/home/ubuntu/CopagoAutomation/CopagoAutomation/CopagoAutomation_ngaima0p_wpftmp.csproj]
/home/ubuntu/CopagoAutomation/CopagoAutomation/UI/MainWindow.xaml.cs(335,13): warning CS4014: Because this call is not awaited, execution of the current method continues before the call is completed. Consider applying the 'await' operator to the result of the call. [/home/ubuntu/CopagoAutomation/CopagoAutomation/CopagoAutomation_ngaima0p_wpftmp.csproj]
/home/ubuntu/CopagoAutomation/CopagoAutomation/UI/MainWindow.xaml.cs(347,13): warning CS4014: Because this call is not awaited, execution of the current method continues before the call is completed. Consider applying the 'await' operator to the result of the call. [/home/ubuntu/CopagoAutomation/CopagoAutomation/CopagoAutomation_ngaima0p_wpftmp.csproj]
/home/ubuntu/CopagoAutomation/CopagoAutomation/UI/MainWindow.xaml.cs(360,13): warning CS4014: Because this call is not awaited, execution of the current method continues before the call is completed. Consider applying the 'await' operator to the result of the call. [/home/ubuntu/CopagoAutomation/CopagoAutomation/CopagoAutomation_ngaima0p_wpftmp.csproj]
/home/ubuntu/CopagoAutomation/CopagoAutomation/UI/MainWindow.xaml.cs(392,13): warning CS4014: Because this call is not awaited, execution of the current method continues before the call is completed. Consider applying the 'await' operator to the result of the call. [/home/ubuntu/CopagoAutomation/CopagoAutomation/CopagoAutomation_ngaima0p_wpftmp.csproj]
/home/ubuntu/CopagoAutomation/CopagoAutomation/UI/MainWindow.xaml.cs(419,13): warning CS4014: Because this call is not awaited, execution of the current method continues before the call is completed. Consider applying the 'await' operator to the result of the call. [/home/ubuntu/CopagoAutomation/CopagoAutomation/CopagoAutomation_ngaima0p_wpftmp.csproj]
/home/ubuntu/CopagoAutomation/CopagoAutomation/UI/MainWindow.xaml.cs(427,13): warning CS4014: Because this call is not awaited, execution of the current method continues before the call is completed. Consider applying the 'await' operator to the result of the call. [/home/ubuntu/CopagoAutomation/CopagoAutomation/CopagoAutomation_ngaima0p_wpftmp.csproj]
/home/ubuntu/CopagoAutomation/CopagoAutomation/UI/MainWindow.xaml.cs(439,21): warning CS4014: Because this call is not awaited, execution of the current method continues before the call is completed. Consider applying the 'await' operator to the result of the call. [/home/ubuntu/CopagoAutomation/CopagoAutomation/CopagoAutomation_ngaima0p_wpftmp.csproj]
/home/ubuntu/CopagoAutomation/CopagoAutomation/UI/MainWindow.xaml.cs(453,21): warning CS4014: Because this call is not awaited, execution of the current method continues before the call is completed. Consider applying the 'await' operator to the result of the call. [/home/ubuntu/CopagoAutomation/CopagoAutomation/CopagoAutomation_ngaima0p_wpftmp.csproj]
/home/ubuntu/CopagoAutomation/CopagoAutomation/UI/MainWindow.xaml.cs(463,13): warning CS4014: Because this call is not awaited, execution of the current method continues before the call is completed. Consider applying the 'await' operator to the result of the call. [/home/ubuntu/CopagoAutomation/CopagoAutomation/CopagoAutomation_ngaima0p_wpftmp.csproj]
/home/ubuntu/CopagoAutomation/CopagoAutomation/UI/MainWindow.xaml.cs(471,13): warning CS4014: Because this call is not awaited, execution of the current method continues before the call is completed. Consider applying the 'await' operator to the result of the call. [/home/ubuntu/CopagoAutomation/CopagoAutomation/CopagoAutomation_ngaima0p_wpftmp.csproj]
/home/ubuntu/CopagoAutomation/CopagoAutomation/ViewModels/MainViewModel.cs(136,7): error CS1503: Argument 6: cannot convert from 'CopagoAutomation.Automation.WindowAutomation.BoundWindowInfo' to 'CopagoAutomation.Automation.BoundWindowInfo?' [/home/ubuntu/CopagoAutomation/CopagoAutomation/CopagoAutomation_ngaima0p_wpftmp.csproj]
/home/ubuntu/CopagoAutomation/CopagoAutomation/UI/MainWindow.xaml.cs(137,13): error CS0103: The name 'ApplyModesToUi' does not exist in the current context [/home/ubuntu/CopagoAutomation/CopagoAutomation/CopagoAutomation_ngaima0p_wpftmp.csproj]
/home/ubuntu/CopagoAutomation/CopagoAutomation/UI/MainWindow.xaml.cs(138,13): error CS0103: The name 'ApplyStorageSettingsToUi' does not exist in the current context [/home/ubuntu/CopagoAutomation/CopagoAutomation/CopagoAutomation_ngaima0p_wpftmp.csproj]
/home/ubuntu/CopagoAutomation/CopagoAutomation/Automation/XAutomation.cs(80,36): error CS1061: 'WindowAutomation' does not contain a definition for 'TryBindWindowByTitleContains' and no accessible extension method 'TryBindWindowByTitleContains' accepting a first argument of type 'WindowAutomation' could be found (are you missing a using directive or an assembly reference?) [/home/ubuntu/CopagoAutomation/CopagoAutomation/CopagoAutomation_ngaima0p_wpftmp.csproj]
/home/ubuntu/CopagoAutomation/CopagoAutomation/Automation/XAutomation.cs(86,36): error CS1061: 'WindowAutomation' does not contain a definition for 'TryActivateBoundWindow' and no accessible extension method 'TryActivateBoundWindow' accepting a first argument of type 'WindowAutomation' could be found (are you missing a using directive or an assembly reference?) [/home/ubuntu/CopagoAutomation/CopagoAutomation/CopagoAutomation_ngaima0p_wpftmp.csproj]
/home/ubuntu/CopagoAutomation/CopagoAutomation/Automation/XAutomation.cs(233,36): error CS1061: 'WindowAutomation' does not contain a definition for 'IsWindowValid' and no accessible extension method 'IsWindowValid' accepting a first argument of type 'WindowAutomation' could be found (are you missing a using directive or an assembly reference?) [/home/ubuntu/CopagoAutomation/CopagoAutomation/CopagoAutomation_ngaima0p_wpftmp.csproj]
/home/ubuntu/CopagoAutomation/CopagoAutomation/Automation/XAutomation.cs(240,35): error CS1061: 'WindowAutomation' does not contain a definition for 'IsBoundWindowActive' and no accessible extension method 'IsBoundWindowActive' accepting a first argument of type 'WindowAutomation' could be found (are you missing a using directive or an assembly reference?) [/home/ubuntu/CopagoAutomation/CopagoAutomation/CopagoAutomation_ngaima0p_wpftmp.csproj]
/home/ubuntu/CopagoAutomation/CopagoAutomation/Automation/XAutomation.cs(249,52): error CS1061: 'WindowAutomation' does not contain a definition for 'TryActivateBoundWindow' and no accessible extension method 'TryActivateBoundWindow' accepting a first argument of type 'WindowAutomation' could be found (are you missing a using directive or an assembly reference?) [/home/ubuntu/CopagoAutomation/CopagoAutomation/CopagoAutomation_ngaima0p_wpftmp.csproj]
/home/ubuntu/CopagoAutomation/CopagoAutomation/Automation/XAutomation.cs(252,40): error CS1061: 'WindowAutomation' does not contain a definition for 'IsWindowValid' and no accessible extension method 'IsWindowValid' accepting a first argument of type 'WindowAutomation' could be found (are you missing a using directive or an assembly reference?) [/home/ubuntu/CopagoAutomation/CopagoAutomation/CopagoAutomation_ngaima0p_wpftmp.csproj]
/home/ubuntu/CopagoAutomation/CopagoAutomation/Automation/XAutomation.cs(258,39): error CS1061: 'WindowAutomation' does not contain a definition for 'IsBoundWindowActive' and no accessible extension method 'IsBoundWindowActive' accepting a first argument of type 'WindowAutomation' could be found (are you missing a using directive or an assembly reference?) [/home/ubuntu/CopagoAutomation/CopagoAutomation/CopagoAutomation_ngaima0p_wpftmp.csproj]
/home/ubuntu/CopagoAutomation/CopagoAutomation/Calibration/CalibrationService.cs(90,121): error CS1061: 'WindowAutomation' does not contain a definition for 'TryGetClientRect' and no accessible extension method 'TryGetClientRect' accepting a first argument of type 'WindowAutomation' could be found (are you missing a using directive or an assembly reference?) [/home/ubuntu/CopagoAutomation/CopagoAutomation/CopagoAutomation_ngaima0p_wpftmp.csproj]
/home/ubuntu/CopagoAutomation/CopagoAutomation/Calibration/CalibrationService.cs(122,133): error CS0136: A local or parameter named 'clientRect' cannot be declared in this scope because that name is used in an enclosing local scope to define a local or parameter [/home/ubuntu/CopagoAutomation/CopagoAutomation/CopagoAutomation_ngaima0p_wpftmp.csproj]
/home/ubuntu/CopagoAutomation/CopagoAutomation/Calibration/CalibrationService.cs(122,82): error CS1061: 'WindowAutomation' does not contain a definition for 'TryGetClientRect' and no accessible extension method 'TryGetClientRect' accepting a first argument of type 'WindowAutomation' could be found (are you missing a using directive or an assembly reference?) [/home/ubuntu/CopagoAutomation/CopagoAutomation/CopagoAutomation_ngaima0p_wpftmp.csproj]
/home/ubuntu/CopagoAutomation/CopagoAutomation/Calibration/CalibrationService.cs(142,81): error CS1061: 'WindowAutomation' does not contain a definition for 'TryGetClientRect' and no accessible extension method 'TryGetClientRect' accepting a first argument of type 'WindowAutomation' could be found (are you missing a using directive or an assembly reference?) [/home/ubuntu/CopagoAutomation/CopagoAutomation/CopagoAutomation_ngaima0p_wpftmp.csproj]
/home/ubuntu/CopagoAutomation/CopagoAutomation/UI/MainWindow.xaml.cs(306,54): error CS1061: 'CalibrationRunner' does not contain a definition for 'SetCurrentCalibrationPoint' and no accessible extension method 'SetCurrentCalibrationPoint' accepting a first argument of type 'CalibrationRunner' could be found (are you missing a using directive or an assembly reference?) [/home/ubuntu/CopagoAutomation/CopagoAutomation/CopagoAutomation_ngaima0p_wpftmp.csproj]
/home/ubuntu/CopagoAutomation/CopagoAutomation/UI/MainWindow.xaml.cs(311,50): error CS1061: 'CalibrationRunner' does not contain a definition for 'TriggerAutomation' and no accessible extension method 'TriggerAutomation' accepting a first argument of type 'CalibrationRunner' could be found (are you missing a using directive or an assembly reference?) [/home/ubuntu/CopagoAutomation/CopagoAutomation/CopagoAutomation_ngaima0p_wpftmp.csproj]
/home/ubuntu/CopagoAutomation/CopagoAutomation/UI/MainWindow.xaml.cs(319,44): error CS7036: There is no argument given that corresponds to the required parameter 'owner' of 'CalibrationPromptWindow.CalibrationPromptWindow(Window, MainViewModel)' [/home/ubuntu/CopagoAutomation/CopagoAutomation/CopagoAutomation_ngaima0p_wpftmp.csproj]
/home/ubuntu/CopagoAutomation/CopagoAutomation/UI/MainWindow.xaml.cs(323,46): error CS1061: 'CalibrationRunner' does not contain a definition for 'StartCalibration' and no accessible extension method 'StartCalibration' accepting a first argument of type 'CalibrationRunner' could be found (are you missing a using directive or an assembly reference?) [/home/ubuntu/CopagoAutomation/CopagoAutomation/CopagoAutomation_ngaima0p_wpftmp.csproj]
/home/ubuntu/CopagoAutomation/CopagoAutomation/UI/MainWindow.xaml.cs(331,27): error CS1061: 'AppSettings' does not contain a definition for 'AbcMachineMode' and no accessible extension method 'AbcMachineMode' accepting a first argument of type 'AppSettings' could be found (are you missing a using directive or an assembly reference?) [/home/ubuntu/CopagoAutomation/CopagoAutomation/CopagoAutomation_ngaima0p_wpftmp.csproj]
/home/ubuntu/CopagoAutomation/CopagoAutomation/UI/MainWindow.xaml.cs(333,27): error CS1061: 'AppSettings' does not contain a definition for 'AbcMachineMode' and no accessible extension method 'AbcMachineMode' accepting a first argument of type 'AppSettings' could be found (are you missing a using directive or an assembly reference?) [/home/ubuntu/CopagoAutomation/CopagoAutomation/CopagoAutomation_ngaima0p_wpftmp.csproj]
/home/ubuntu/CopagoAutomation/CopagoAutomation/UI/MainWindow.xaml.cs(343,27): error CS1061: 'AppSettings' does not contain a definition for 'XMachineMode' and no accessible extension method 'XMachineMode' accepting a first argument of type 'AppSettings' could be found (are you missing a using directive or an assembly reference?) [/home/ubuntu/CopagoAutomation/CopagoAutomation/CopagoAutomation_ngaima0p_wpftmp.csproj]
/home/ubuntu/CopagoAutomation/CopagoAutomation/UI/MainWindow.xaml.cs(345,27): error CS1061: 'AppSettings' does not contain a definition for 'XMachineMode' and no accessible extension method 'XMachineMode' accepting a first argument of type 'AppSettings' could be found (are you missing a using directive or an assembly reference?) [/home/ubuntu/CopagoAutomation/CopagoAutomation/CopagoAutomation_ngaima0p_wpftmp.csproj]
/home/ubuntu/CopagoAutomation/CopagoAutomation/Services/AutomationService.cs(27,34): error CS1729: 'AbcAutomation' does not contain a constructor that takes 1 arguments [/home/ubuntu/CopagoAutomation/CopagoAutomation/CopagoAutomation_ngaima0p_wpftmp.csproj]
/home/ubuntu/CopagoAutomation/CopagoAutomation/Services/AutomationService.cs(46,35): error CS7036: There is no argument given that corresponds to the required parameter 'calibrationProfileName' of 'AbcAutomation.Run(AbcStartRequest, string, string)' [/home/ubuntu/CopagoAutomation/CopagoAutomation/CopagoAutomation_ngaima0p_wpftmp.csproj]
/home/ubuntu/CopagoAutomation/CopagoAutomation/UI/MainWindow.xaml.cs(365,65): error CS0103: The name 'AbcBrowseButton' does not exist in the current context [/home/ubuntu/CopagoAutomation/CopagoAutomation/CopagoAutomation_ngaima0p_wpftmp.csproj]
/home/ubuntu/CopagoAutomation/CopagoAutomation/UI/MainWindow.xaml.cs(370,13): error CS0103: The name 'AbcBrowseButton' does not exist in the current context [/home/ubuntu/CopagoAutomation/CopagoAutomation/CopagoAutomation_ngaima0p_wpftmp.csproj]
/home/ubuntu/CopagoAutomation/CopagoAutomation/UI/MainWindow.xaml.cs(397,63): error CS0103: The name 'XBrowseButton' does not exist in the current context [/home/ubuntu/CopagoAutomation/CopagoAutomation/CopagoAutomation_ngaima0p_wpftmp.csproj]
/home/ubuntu/CopagoAutomation/CopagoAutomation/UI/MainWindow.xaml.cs(402,13): error CS0103: The name 'XBrowseButton' does not exist in the current context [/home/ubuntu/CopagoAutomation/CopagoAutomation/CopagoAutomation_ngaima0p_wpftmp.csproj]
/home/ubuntu/CopagoAutomation/CopagoAutomation/UI/MainWindow.xaml.cs(462,23): error CS1061: 'AppSettings' does not contain a definition for 'AbcPos' and no accessible extension method 'AbcPos' accepting a first argument of type 'AppSettings' could be found (are you missing a using directive or an assembly reference?) [/home/ubuntu/CopagoAutomation/CopagoAutomation/CopagoAutomation_ngaima0p_wpftmp.csproj]
/home/ubuntu/CopagoAutomation/CopagoAutomation/UI/MainWindow.xaml.cs(470,23): error CS1061: 'AppSettings' does not contain a definition for 'XPos' and no accessible extension method 'XPos' accepting a first argument of type 'AppSettings' could be found (are you missing a using directive or an assembly reference?) [/home/ubuntu/CopagoAutomation/CopagoAutomation/CopagoAutomation_ngaima0p_wpftmp.csproj]
/home/ubuntu/CopagoAutomation/CopagoAutomation/UI/MainWindow.xaml.cs(477,32): error CS7036: There is no argument given that corresponds to the required parameter 'request' of 'AutomationService.StartAbcAutomation(AbcStartRequest)' [/home/ubuntu/CopagoAutomation/CopagoAutomation/CopagoAutomation_ngaima0p_wpftmp.csproj]
/home/ubuntu/CopagoAutomation/CopagoAutomation/UI/MainWindow.xaml.cs(483,32): error CS7036: There is no argument given that corresponds to the required parameter 'request' of 'AutomationService.StartXAutomation(XStartRequest)' [/home/ubuntu/CopagoAutomation/CopagoAutomation/CopagoAutomation_ngaima0p_wpftmp.csproj]
/home/ubuntu/CopagoAutomation/CopagoAutomation/Automation/MouseAutomation.cs(42,31): error CS1061: 'WindowAutomation' does not contain a definition for 'RightClick' and no accessible extension method 'RightClick' accepting a first argument of type 'WindowAutomation' could be found (are you missing a using directive or an assembly reference?) [/home/ubuntu/CopagoAutomation/CopagoAutomation/CopagoAutomation_ngaima0p_wpftmp.csproj]
/home/ubuntu/CopagoAutomation/CopagoAutomation/Automation/MouseAutomation.cs(100,53): error CS1061: 'WindowAutomation.BoundWindowInfo' does not contain a definition for 'ClientRect' and no accessible extension method 'ClientRect' accepting a first argument of type 'WindowAutomation.BoundWindowInfo' could be found (are you missing a using directive or an assembly reference?) [/home/ubuntu/CopagoAutomation/CopagoAutomation/CopagoAutomation_ngaima0p_wpftmp.csproj]
/home/ubuntu/CopagoAutomation/CopagoAutomation/Automation/MouseAutomation.cs(111,58): error CS1061: 'WindowAutomation.BoundWindowInfo' does not contain a definition for 'ClientRect' and no accessible extension method 'ClientRect' accepting a first argument of type 'WindowAutomation.BoundWindowInfo' could be found (are you missing a using directive or an assembly reference?) [/home/ubuntu/CopagoAutomation/CopagoAutomation/CopagoAutomation_ngaima0p_wpftmp.csproj]
/home/ubuntu/CopagoAutomation/CopagoAutomation/UI/MainWindow.xaml(129,108): error CS1061: 'MainWindow' does not contain a definition for 'AbcResetPos_Click' and no accessible extension method 'AbcResetPos_Click' accepting a first argument of type 'MainWindow' could be found (are you missing a using directive or an assembly reference?) [/home/ubuntu/CopagoAutomation/CopagoAutomation/CopagoAutomation_ngaima0p_wpftmp.csproj]
/home/ubuntu/CopagoAutomation/CopagoAutomation/UI/MainWindow.xaml(151,89): error CS1061: 'MainWindow' does not contain a definition for 'AbcSaveModeChanged' and no accessible extension method 'AbcSaveModeChanged' accepting a first argument of type 'MainWindow' could be found (are you missing a using directive or an assembly reference?) [/home/ubuntu/CopagoAutomation/CopagoAutomation/CopagoAutomation_ngaima0p_wpftmp.csproj]
/home/ubuntu/CopagoAutomation/CopagoAutomation/UI/MainWindow.xaml(155,87): error CS1061: 'MainWindow' does not contain a definition for 'AbcSaveModeChanged' and no accessible extension method 'AbcSaveModeChanged' accepting a first argument of type 'MainWindow' could be found (are you missing a using directive or an assembly reference?) [/home/ubuntu/CopagoAutomation/CopagoAutomation/CopagoAutomation_ngaima0p_wpftmp.csproj]
/home/ubuntu/CopagoAutomation/CopagoAutomation/UI/MainWindow.xaml(169,108): error CS1061: 'MainWindow' does not contain a definition for 'AbcBrowseSammelordner_Click' and no accessible extension method 'AbcBrowseSammelordner_Click' accepting a first argument of type 'MainWindow' could be found (are you missing a using directive or an assembly reference?) [/home/ubuntu/CopagoAutomation/CopagoAutomation/CopagoAutomation_ngaima0p_wpftmp.csproj]
/home/ubuntu/CopagoAutomation/CopagoAutomation/UI/MainWindow.xaml(185,108): error CS1061: 'MainWindow' does not contain a definition for 'AbcCalibration_Click' and no accessible extension method 'AbcCalibration_Click' accepting a first argument of type 'MainWindow' could be found (are you missing a using directive or an assembly reference?) [/home/ubuntu/CopagoAutomation/CopagoAutomation/CopagoAutomation_ngaima0p_wpftmp.csproj]
/home/ubuntu/CopagoAutomation/CopagoAutomation/UI/MainWindow.xaml(190,108): error CS1061: 'MainWindow' does not contain a definition for 'AbcCapturePoint_Click' and no accessible extension method 'AbcCapturePoint_Click' accepting a first argument of type 'MainWindow' could be found (are you missing a using directive or an assembly reference?) [/home/ubuntu/CopagoAutomation/CopagoAutomation/CopagoAutomation_ngaima0p_wpftmp.csproj]
/home/ubuntu/CopagoAutomation/CopagoAutomation/UI/MainWindow.xaml(195,108): error CS1061: 'MainWindow' does not contain a definition for 'AbcStart_Click' and no accessible extension method 'AbcStart_Click' accepting a first argument of type 'MainWindow' could be found (are you missing a using directive or an assembly reference?) [/home/ubuntu/CopagoAutomation/CopagoAutomation/CopagoAutomation_ngaima0p_wpftmp.csproj]
/home/ubuntu/CopagoAutomation/CopagoAutomation/UI/MainWindow.xaml(199,108): error CS1061: 'MainWindow' does not contain a definition for 'AbcStop_Click' and no accessible extension method 'AbcStop_Click' accepting a first argument of type 'MainWindow' could be found (are you missing a using directive or an assembly reference?) [/home/ubuntu/CopagoAutomation/CopagoAutomation/CopagoAutomation_ngaima0p_wpftmp.csproj]
/home/ubuntu/CopagoAutomation/CopagoAutomation/UI/MainWindow.xaml(327,108): error CS1061: 'MainWindow' does not contain a definition for 'XResetPos_Click' and no accessible extension method 'XResetPos_Click' accepting a first argument of type 'MainWindow' could be found (are you missing a using directive or an assembly reference?) [/home/ubuntu/CopagoAutomation/CopagoAutomation/CopagoAutomation_ngaima0p_wpftmp.csproj]
/home/ubuntu/CopagoAutomation/CopagoAutomation/UI/MainWindow.xaml(349,87): error CS1061: 'MainWindow' does not contain a definition for 'XSaveModeChanged' and no accessible extension method 'XSaveModeChanged' accepting a first argument of type 'MainWindow' could be found (are you missing a using directive or an assembly reference?) [/home/ubuntu/CopagoAutomation/CopagoAutomation/CopagoAutomation_ngaima0p_wpftmp.csproj]
/home/ubuntu/CopagoAutomation/CopagoAutomation/UI/MainWindow.xaml(353,85): error CS1061: 'MainWindow' does not contain a definition for 'XSaveModeChanged' and no accessible extension method 'XSaveModeChanged' accepting a first argument of type 'MainWindow' could be found (are you missing a using directive or an assembly reference?) [/home/ubuntu/CopagoAutomation/CopagoAutomation/CopagoAutomation_ngaima0p_wpftmp.csproj]
/home/ubuntu/CopagoAutomation/CopagoAutomation/UI/MainWindow.xaml(367,108): error CS1061: 'MainWindow' does not contain a definition for 'XBrowseSammelordner_Click' and no accessible extension method 'XBrowseSammelordner_Click' accepting a first argument of type 'MainWindow' could be found (are you missing a using directive or an assembly reference?) [/home/ubuntu/CopagoAutomation/CopagoAutomation/CopagoAutomation_ngaima0p_wpftmp.csproj]
/home/ubuntu/CopagoAutomation/CopagoAutomation/UI/MainWindow.xaml(383,108): error CS1061: 'MainWindow' does not contain a definition for 'XCalibration_Click' and no accessible extension method 'XCalibration_Click' accepting a first argument of type 'MainWindow' could be found (are you missing a using directive or an assembly reference?) [/home/ubuntu/CopagoAutomation/CopagoAutomation/CopagoAutomation_ngaima0p_wpftmp.csproj]
/home/ubuntu/CopagoAutomation/CopagoAutomation/UI/MainWindow.xaml(388,108): error CS1061: 'MainWindow' does not contain a definition for 'XCapturePoint_Click' and no accessible extension method 'XCapturePoint_Click' accepting a first argument of type 'MainWindow' could be found (are you missing a using directive or an assembly reference?) [/home/ubuntu/CopagoAutomation/CopagoAutomation/CopagoAutomation_ngaima0p_wpftmp.csproj]
/home/ubuntu/CopagoAutomation/CopagoAutomation/UI/MainWindow.xaml(393,108): error CS1061: 'MainWindow' does not contain a definition for 'XStart_Click' and no accessible extension method 'XStart_Click' accepting a first argument of type 'MainWindow' could be found (are you missing a using directive or an assembly reference?) [/home/ubuntu/CopagoAutomation/CopagoAutomation/CopagoAutomation_ngaima0p_wpftmp.csproj]
/home/ubuntu/CopagoAutomation/CopagoAutomation/UI/MainWindow.xaml(397,108): error CS1061: 'MainWindow' does not contain a definition for 'XStop_Click' and no accessible extension method 'XStop_Click' accepting a first argument of type 'MainWindow' could be found (are you missing a using directive or an assembly reference?) [/home/ubuntu/CopagoAutomation/CopagoAutomation/CopagoAutomation_ngaima0p_wpftmp.csproj]
/home/ubuntu/CopagoAutomation/CopagoAutomation/Automation/MouseAutomation.cs(127,59): error CS1061: 'WindowAutomation.BoundWindowInfo' does not contain a definition for 'ClientRect' and no accessible extension method 'ClientRect' accepting a first argument of type 'WindowAutomation.BoundWindowInfo' could be found (are you missing a using directive or an assembly reference?) [/home/ubuntu/CopagoAutomation/CopagoAutomation/CopagoAutomation_ngaima0p_wpftmp.csproj]
/home/ubuntu/CopagoAutomation/CopagoAutomation/Automation/MouseAutomation.cs(140,36): error CS1061: 'WindowAutomation' does not contain a definition for 'ActiveWindowTitleContains' and no accessible extension method 'ActiveWindowTitleContains' accepting a first argument of type 'WindowAutomation' could be found (are you missing a using directive or an assembly reference?) [/home/ubuntu/CopagoAutomation/CopagoAutomation/CopagoAutomation_ngaima0p_wpftmp.csproj]
/home/ubuntu/CopagoAutomation/CopagoAutomation/Automation/AbcAutomation.cs(63,36): error CS1061: 'WindowAutomation' does not contain a definition for 'TryBindWindowByTitleContains' and no accessible extension method 'TryBindWindowByTitleContains' accepting a first argument of type 'WindowAutomation' could be found (are you missing a using directive or an assembly reference?) [/home/ubuntu/CopagoAutomation/CopagoAutomation/CopagoAutomation_ngaima0p_wpftmp.csproj]
/home/ubuntu/CopagoAutomation/CopagoAutomation/Automation/AbcAutomation.cs(69,36): error CS1061: 'WindowAutomation' does not contain a definition for 'TryActivateBoundWindow' and no accessible extension method 'TryActivateBoundWindow' accepting a first argument of type 'WindowAutomation' could be found (are you missing a using directive or an assembly reference?) [/home/ubuntu/CopagoAutomation/CopagoAutomation/CopagoAutomation_ngaima0p_wpftmp.csproj]
/home/ubuntu/CopagoAutomation/CopagoAutomation/Automation/MouseAutomation.cs(158,36): error CS1061: 'WindowAutomation' does not contain a definition for 'TryBindWindowByTitleContains' and no accessible extension method 'TryBindWindowByTitleContains' accepting a first argument of type 'WindowAutomation' could be found (are you missing a using directive or an assembly reference?) [/home/ubuntu/CopagoAutomation/CopagoAutomation/CopagoAutomation_ngaima0p_wpftmp.csproj]
/home/ubuntu/CopagoAutomation/CopagoAutomation/Automation/MouseAutomation.cs(161,36): error CS1061: 'WindowAutomation' does not contain a definition for 'TryActivateBoundWindow' and no accessible extension method 'TryActivateBoundWindow' accepting a first argument of type 'WindowAutomation' could be found (are you missing a using directive or an assembly reference?) [/home/ubuntu/CopagoAutomation/CopagoAutomation/CopagoAutomation_ngaima0p_wpftmp.csproj]
/home/ubuntu/CopagoAutomation/CopagoAutomation/Automation/MouseAutomation.cs(181,36): error CS1061: 'WindowAutomation' does not contain a definition for 'TryBindWindowByTitleContains' and no accessible extension method 'TryBindWindowByTitleContains' accepting a first argument of type 'WindowAutomation' could be found (are you missing a using directive or an assembly reference?) [/home/ubuntu/CopagoAutomation/CopagoAutomation/CopagoAutomation_ngaima0p_wpftmp.csproj]
/home/ubuntu/CopagoAutomation/CopagoAutomation/Automation/MouseAutomation.cs(184,36): error CS1061: 'WindowAutomation' does not contain a definition for 'TryActivateBoundWindow' and no accessible extension method 'TryActivateBoundWindow' accepting a first argument of type 'WindowAutomation' could be found (are you missing a using directive or an assembly reference?) [/home/ubuntu/CopagoAutomation/CopagoAutomation/CopagoAutomation_ngaima0p_wpftmp.csproj]
/home/ubuntu/CopagoAutomation/CopagoAutomation/Automation/AbcAutomation.cs(208,36): error CS1061: 'WindowAutomation' does not contain a definition for 'IsValidHandle' and no accessible extension method 'IsValidHandle' accepting a first argument of type 'WindowAutomation' could be found (are you missing a using directive or an assembly reference?) [/home/ubuntu/CopagoAutomation/CopagoAutomation/CopagoAutomation_ngaima0p_wpftmp.csproj]
/home/ubuntu/CopagoAutomation/CopagoAutomation/Automation/AbcAutomation.cs(215,35): error CS1061: 'WindowAutomation' does not contain a definition for 'IsBoundWindowActive' and no accessible extension method 'IsBoundWindowActive' accepting a first argument of type 'WindowAutomation' could be found (are you missing a using directive or an assembly reference?) [/home/ubuntu/CopagoAutomation/CopagoAutomation/CopagoAutomation_ngaima0p_wpftmp.csproj]
/home/ubuntu/CopagoAutomation/CopagoAutomation/Automation/AbcAutomation.cs(224,52): error CS1061: 'WindowAutomation' does not contain a definition for 'TryActivateBoundWindow' and no accessible extension method 'TryActivateBoundWindow' accepting a first argument of type 'WindowAutomation' could be found (are you missing a using directive or an assembly reference?) [/home/ubuntu/CopagoAutomation/CopagoAutomation/CopagoAutomation_ngaima0p_wpftmp.csproj]
/home/ubuntu/CopagoAutomation/CopagoAutomation/Automation/AbcAutomation.cs(227,40): error CS1061: 'WindowAutomation' does not contain a definition for 'IsValidHandle' and no accessible extension method 'IsValidHandle' accepting a first argument of type 'WindowAutomation' could be found (are you missing a using directive or an assembly reference?) [/home/ubuntu/CopagoAutomation/CopagoAutomation/CopagoAutomation_ngaima0p_wpftmp.csproj]
/home/ubuntu/CopagoAutomation/CopagoAutomation/Automation/AbcAutomation.cs(233,39): error CS1061: 'WindowAutomation' does not contain a definition for 'IsBoundWindowActive' and no accessible extension method 'IsBoundWindowActive' accepting a first argument of type 'WindowAutomation' could be found (are you missing a using directive or an assembly reference?) [/home/ubuntu/CopagoAutomation/CopagoAutomation/CopagoAutomation_ngaima0p_wpftmp.csproj]
/home/ubuntu/CopagoAutomation/CopagoAutomation/Automation/MouseAutomation.cs(206,36): error CS1061: 'WindowAutomation' does not contain a definition for 'TryBindWindowByTitleContains' and no accessible extension method 'TryBindWindowByTitleContains' accepting a first argument of type 'WindowAutomation' could be found (are you missing a using directive or an assembly reference?) [/home/ubuntu/CopagoAutomation/CopagoAutomation/CopagoAutomation_ngaima0p_wpftmp.csproj]
/home/ubuntu/CopagoAutomation/CopagoAutomation/Automation/MouseAutomation.cs(209,36): error CS1061: 'WindowAutomation' does not contain a definition for 'TryActivateBoundWindow' and no accessible extension method 'TryActivateBoundWindow' accepting a first argument of type 'WindowAutomation' could be found (are you missing a using directive or an assembly reference?) [/home/ubuntu/CopagoAutomation/CopagoAutomation/CopagoAutomation_ngaima0p_wpftmp.csproj]
    12 Warning(s)
    66 Error(s)

Time Elapsed 00:00:01.67
